import 'package:dbus/dbus.dart';

class ComExampleTest extends DBusRemoteObject {
  ComExampleTest(DBusClient client, String destination, DBusObjectPath path) : super(client, destination, path);

  /// Invokes com.example.Test.Hello()
  Future<void> callHello(int byte_value, bool boolean_value, int int16_value, int uint16_value, int int32_value, int uint32_value, int int64_value, int uint64_value, double double_value, String string_value, String object_path_value, DBusValue signature_value, DBusValue variant_value, DBusStruct struct_value, List<int> array_value, Map<String, DBusValue> dict_value, {bool noAutoStart = false, bool allowInteractiveAuthorization = false}) async {
    await callMethod('com.example.Test', 'Hello', [DBusByte(byte_value), DBusBoolean(boolean_value), DBusInt16(int16_value), DBusUint16(uint16_value), DBusInt32(int32_value), DBusUint32(uint32_value), DBusInt64(int64_value), DBusUint64(uint64_value), DBusDouble(double_value), DBusString(string_value), DBusObjectPath(object_path_value), signature_value, DBusVariant(variant_value), struct_value, DBusArray.byte(array_value), DBusDict.stringVariant(dict_value)], replySignature: DBusSignature(''), noAutoStart: noAutoStart, allowInteractiveAuthorization: allowInteractiveAuthorization);
  }
}
