import 'package:dbus/dbus.dart';

class ComExampleTest extends DBusRemoteObject {
  ComExampleTest(DBusClient client, String destination, DBusObjectPath path) : super(client, destination, path);

  /// Invokes com.example.Test.Hello()
  Future<void> callHello({bool noAutoStart = false, bool allowInteractiveAuthorization = false}) async {
    await callMethod('com.example.Test', 'Hello', [], replySignature: DBusSignature(''), noAutoStart: noAutoStart, allowInteractiveAuthorization: allowInteractiveAuthorization);
  }
}
